Archive member included to satisfy reference by file (symbol)

c:/program files (x86)/atmel/studio/7.0/toolchain/avr8/avr8-gnu-toolchain/bin/../lib/gcc/avr/5.4.0/../../../../avr/lib/avr5\libm.a(addsf3.o)
                              pid.o (__subsf3)
c:/program files (x86)/atmel/studio/7.0/toolchain/avr8/avr8-gnu-toolchain/bin/../lib/gcc/avr/5.4.0/../../../../avr/lib/avr5\libm.a(addsf3x.o)
                              c:/program files (x86)/atmel/studio/7.0/toolchain/avr8/avr8-gnu-toolchain/bin/../lib/gcc/avr/5.4.0/../../../../avr/lib/avr5\libm.a(addsf3.o) (__addsf3x)
c:/program files (x86)/atmel/studio/7.0/toolchain/avr8/avr8-gnu-toolchain/bin/../lib/gcc/avr/5.4.0/../../../../avr/lib/avr5\libm.a(cmpsf2.o)
                              pid.o (__ltsf2)
c:/program files (x86)/atmel/studio/7.0/toolchain/avr8/avr8-gnu-toolchain/bin/../lib/gcc/avr/5.4.0/../../../../avr/lib/avr5\libm.a(divsf3.o)
                              pid.o (__divsf3)
c:/program files (x86)/atmel/studio/7.0/toolchain/avr8/avr8-gnu-toolchain/bin/../lib/gcc/avr/5.4.0/../../../../avr/lib/avr5\libm.a(divsf3x.o)
                              c:/program files (x86)/atmel/studio/7.0/toolchain/avr8/avr8-gnu-toolchain/bin/../lib/gcc/avr/5.4.0/../../../../avr/lib/avr5\libm.a(divsf3.o) (__divsf3x)
c:/program files (x86)/atmel/studio/7.0/toolchain/avr8/avr8-gnu-toolchain/bin/../lib/gcc/avr/5.4.0/../../../../avr/lib/avr5\libm.a(fixsfsi.o)
                              Poller.o (__fixsfsi)
c:/program files (x86)/atmel/studio/7.0/toolchain/avr8/avr8-gnu-toolchain/bin/../lib/gcc/avr/5.4.0/../../../../avr/lib/avr5\libm.a(fixunssfsi.o)
                              Poller.o (__fixunssfsi)
c:/program files (x86)/atmel/studio/7.0/toolchain/avr8/avr8-gnu-toolchain/bin/../lib/gcc/avr/5.4.0/../../../../avr/lib/avr5\libm.a(floatsisf.o)
                              Poller.o (__floatsisf)
c:/program files (x86)/atmel/studio/7.0/toolchain/avr8/avr8-gnu-toolchain/bin/../lib/gcc/avr/5.4.0/../../../../avr/lib/avr5\libm.a(fp_cmp.o)
                              c:/program files (x86)/atmel/studio/7.0/toolchain/avr8/avr8-gnu-toolchain/bin/../lib/gcc/avr/5.4.0/../../../../avr/lib/avr5\libm.a(cmpsf2.o) (__fp_cmp)
c:/program files (x86)/atmel/studio/7.0/toolchain/avr8/avr8-gnu-toolchain/bin/../lib/gcc/avr/5.4.0/../../../../avr/lib/avr5\libm.a(fp_inf.o)
                              c:/program files (x86)/atmel/studio/7.0/toolchain/avr8/avr8-gnu-toolchain/bin/../lib/gcc/avr/5.4.0/../../../../avr/lib/avr5\libm.a(addsf3x.o) (__fp_inf)
c:/program files (x86)/atmel/studio/7.0/toolchain/avr8/avr8-gnu-toolchain/bin/../lib/gcc/avr/5.4.0/../../../../avr/lib/avr5\libm.a(fp_nan.o)
                              c:/program files (x86)/atmel/studio/7.0/toolchain/avr8/avr8-gnu-toolchain/bin/../lib/gcc/avr/5.4.0/../../../../avr/lib/avr5\libm.a(addsf3x.o) (__fp_nan)
c:/program files (x86)/atmel/studio/7.0/toolchain/avr8/avr8-gnu-toolchain/bin/../lib/gcc/avr/5.4.0/../../../../avr/lib/avr5\libm.a(fp_pscA.o)
                              c:/program files (x86)/atmel/studio/7.0/toolchain/avr8/avr8-gnu-toolchain/bin/../lib/gcc/avr/5.4.0/../../../../avr/lib/avr5\libm.a(addsf3x.o) (__fp_pscA)
c:/program files (x86)/atmel/studio/7.0/toolchain/avr8/avr8-gnu-toolchain/bin/../lib/gcc/avr/5.4.0/../../../../avr/lib/avr5\libm.a(fp_pscB.o)
                              c:/program files (x86)/atmel/studio/7.0/toolchain/avr8/avr8-gnu-toolchain/bin/../lib/gcc/avr/5.4.0/../../../../avr/lib/avr5\libm.a(addsf3x.o) (__fp_pscB)
c:/program files (x86)/atmel/studio/7.0/toolchain/avr8/avr8-gnu-toolchain/bin/../lib/gcc/avr/5.4.0/../../../../avr/lib/avr5\libm.a(fp_round.o)
                              c:/program files (x86)/atmel/studio/7.0/toolchain/avr8/avr8-gnu-toolchain/bin/../lib/gcc/avr/5.4.0/../../../../avr/lib/avr5\libm.a(addsf3.o) (__fp_round)
c:/program files (x86)/atmel/studio/7.0/toolchain/avr8/avr8-gnu-toolchain/bin/../lib/gcc/avr/5.4.0/../../../../avr/lib/avr5\libm.a(fp_split3.o)
                              c:/program files (x86)/atmel/studio/7.0/toolchain/avr8/avr8-gnu-toolchain/bin/../lib/gcc/avr/5.4.0/../../../../avr/lib/avr5\libm.a(addsf3x.o) (__fp_split3)
c:/program files (x86)/atmel/studio/7.0/toolchain/avr8/avr8-gnu-toolchain/bin/../lib/gcc/avr/5.4.0/../../../../avr/lib/avr5\libm.a(fp_zero.o)
                              c:/program files (x86)/atmel/studio/7.0/toolchain/avr8/avr8-gnu-toolchain/bin/../lib/gcc/avr/5.4.0/../../../../avr/lib/avr5\libm.a(addsf3x.o) (__fp_zero)
c:/program files (x86)/atmel/studio/7.0/toolchain/avr8/avr8-gnu-toolchain/bin/../lib/gcc/avr/5.4.0/../../../../avr/lib/avr5\libm.a(gesf2.o)
                              pid.o (__gtsf2)
c:/program files (x86)/atmel/studio/7.0/toolchain/avr8/avr8-gnu-toolchain/bin/../lib/gcc/avr/5.4.0/../../../../avr/lib/avr5\libm.a(mulsf3.o)
                              pid.o (__mulsf3)
c:/program files (x86)/atmel/studio/7.0/toolchain/avr8/avr8-gnu-toolchain/bin/../lib/gcc/avr/5.4.0/../../../../avr/lib/avr5\libm.a(mulsf3x.o)
                              c:/program files (x86)/atmel/studio/7.0/toolchain/avr8/avr8-gnu-toolchain/bin/../lib/gcc/avr/5.4.0/../../../../avr/lib/avr5\libm.a(mulsf3.o) (__mulsf3x)
c:/program files (x86)/atmel/studio/7.0/toolchain/avr8/avr8-gnu-toolchain/bin/../lib/gcc/avr/5.4.0/avr5\libgcc.a(_exit.o)
                              C:/Program Files (x86)/Atmel/Studio/7.0/Packs/atmel/ATmega_DFP/1.7.374/gcc/dev/atmega32/avr5/crtatmega32.o (exit)
c:/program files (x86)/atmel/studio/7.0/toolchain/avr8/avr8-gnu-toolchain/bin/../lib/gcc/avr/5.4.0/avr5\libgcc.a(_copy_data.o)
                              main.o (__do_copy_data)
c:/program files (x86)/atmel/studio/7.0/toolchain/avr8/avr8-gnu-toolchain/bin/../lib/gcc/avr/5.4.0/avr5\libgcc.a(_clear_bss.o)
                              Poller.o (__do_clear_bss)
c:/program files (x86)/atmel/studio/7.0/toolchain/avr8/avr8-gnu-toolchain/bin/../lib/gcc/avr/5.4.0/avr5\libgcc.a(_mulshisi3.o)
                              Poller.o (__mulshisi3)
c:/program files (x86)/atmel/studio/7.0/toolchain/avr8/avr8-gnu-toolchain/bin/../lib/gcc/avr/5.4.0/avr5\libgcc.a(_muluhisi3.o)
                              c:/program files (x86)/atmel/studio/7.0/toolchain/avr8/avr8-gnu-toolchain/bin/../lib/gcc/avr/5.4.0/avr5\libgcc.a(_mulshisi3.o) (__muluhisi3)
c:/program files (x86)/atmel/studio/7.0/toolchain/avr8/avr8-gnu-toolchain/bin/../lib/gcc/avr/5.4.0/avr5\libgcc.a(_umulhisi3.o)
                              c:/program files (x86)/atmel/studio/7.0/toolchain/avr8/avr8-gnu-toolchain/bin/../lib/gcc/avr/5.4.0/avr5\libgcc.a(_muluhisi3.o) (__umulhisi3)
c:/program files (x86)/atmel/studio/7.0/toolchain/avr8/avr8-gnu-toolchain/bin/../lib/gcc/avr/5.4.0/../../../../avr/lib/avr5\libc.a(itoa.o)
                              lcd.o (itoa)
c:/program files (x86)/atmel/studio/7.0/toolchain/avr8/avr8-gnu-toolchain/bin/../lib/gcc/avr/5.4.0/../../../../avr/lib/avr5\libc.a(itoa_ncheck.o)
                              c:/program files (x86)/atmel/studio/7.0/toolchain/avr8/avr8-gnu-toolchain/bin/../lib/gcc/avr/5.4.0/../../../../avr/lib/avr5\libc.a(itoa.o) (__itoa_ncheck)
c:/program files (x86)/atmel/studio/7.0/toolchain/avr8/avr8-gnu-toolchain/bin/../lib/gcc/avr/5.4.0/../../../../avr/lib/avr5\libc.a(utoa_ncheck.o)
                              c:/program files (x86)/atmel/studio/7.0/toolchain/avr8/avr8-gnu-toolchain/bin/../lib/gcc/avr/5.4.0/../../../../avr/lib/avr5\libc.a(itoa_ncheck.o) (__utoa_common)
c:/program files (x86)/atmel/studio/7.0/toolchain/avr8/avr8-gnu-toolchain/bin/../lib/gcc/avr/5.4.0/../../../../avr/lib/avr5\libc.a(strrev.o)
                              c:/program files (x86)/atmel/studio/7.0/toolchain/avr8/avr8-gnu-toolchain/bin/../lib/gcc/avr/5.4.0/../../../../avr/lib/avr5\libc.a(utoa_ncheck.o) (strrev)

Allocating common symbols
Common symbol       size              file

TIMER0_config       0x6               PollerTimer.o

Discarded input sections

 .data          0x00000000        0x0 C:/Program Files (x86)/Atmel/Studio/7.0/Packs/atmel/ATmega_DFP/1.7.374/gcc/dev/atmega32/avr5/crtatmega32.o
 .bss           0x00000000        0x0 C:/Program Files (x86)/Atmel/Studio/7.0/Packs/atmel/ATmega_DFP/1.7.374/gcc/dev/atmega32/avr5/crtatmega32.o
 .text          0x00000000        0x0 gpio.o
 .data          0x00000000        0x0 gpio.o
 .bss           0x00000000        0x0 gpio.o
 .text.GPIO_readPin
                0x00000000       0x8c gpio.o
 .text.GPIO_readPort
                0x00000000       0x2c gpio.o
 .text          0x00000000        0x0 lcd.o
 .data          0x00000000        0x0 lcd.o
 .bss           0x00000000        0x0 lcd.o
 .text.LCD_displayStringRowColumn
                0x00000000       0x16 lcd.o
 .text          0x00000000        0x0 main.o
 .data          0x00000000        0x0 main.o
 .bss           0x00000000        0x0 main.o
 .rodata.str1.1
                0x00000000        0xa main.o
 .data.str      0x00000000       0xc8 main.o
 .text          0x00000000        0x0 pid.o
 .data          0x00000000        0x0 pid.o
 .bss           0x00000000        0x0 pid.o
 .text.PIDController_Update
                0x00000000      0x2d2 pid.o
 .text          0x00000000        0x0 pid_cfg.o
 .data          0x00000000        0x0 pid_cfg.o
 .bss           0x00000000        0x0 pid_cfg.o
 .text          0x00000000        0x0 Poller.o
 .data          0x00000000        0x0 Poller.o
 .bss           0x00000000        0x0 Poller.o
 .text.StopPolling
                0x00000000        0xa Poller.o
 .text          0x00000000        0x0 PollerTimer.o
 .data          0x00000000        0x0 PollerTimer.o
 .bss           0x00000000        0x0 PollerTimer.o
 .text.StartTimer
                0x00000000       0x48 PollerTimer.o
 .text.StopTimer
                0x00000000       0x14 PollerTimer.o
 COMMON         0x00000000        0x6 PollerTimer.o
 .text          0x00000000        0x0 PWM.o
 .data          0x00000000        0x0 PWM.o
 .bss           0x00000000        0x0 PWM.o
 .text          0x00000000        0x0 spi.o
 .data          0x00000000        0x0 spi.o
 .bss           0x00000000        0x0 spi.o
 .text.SPI_initSlave
                0x00000000       0x34 spi.o
 .text.SPI_sendString
                0x00000000       0x26 spi.o
 .text.SPI_receiveString
                0x00000000       0x46 spi.o
 .text          0x00000000        0x0 TC72_Tempr.o
 .data          0x00000000        0x0 TC72_Tempr.o
 .bss           0x00000000        0x0 TC72_Tempr.o
 .text.TC72_ReadTempr
                0x00000000       0x2c TC72_Tempr.o
 .text          0x00000000        0x0 c:/program files (x86)/atmel/studio/7.0/toolchain/avr8/avr8-gnu-toolchain/bin/../lib/gcc/avr/5.4.0/../../../../avr/lib/avr5\libm.a(addsf3.o)
 .data          0x00000000        0x0 c:/program files (x86)/atmel/studio/7.0/toolchain/avr8/avr8-gnu-toolchain/bin/../lib/gcc/avr/5.4.0/../../../../avr/lib/avr5\libm.a(addsf3.o)
 .bss           0x00000000        0x0 c:/program files (x86)/atmel/studio/7.0/toolchain/avr8/avr8-gnu-toolchain/bin/../lib/gcc/avr/5.4.0/../../../../avr/lib/avr5\libm.a(addsf3.o)
 .text          0x00000000        0x0 c:/program files (x86)/atmel/studio/7.0/toolchain/avr8/avr8-gnu-toolchain/bin/../lib/gcc/avr/5.4.0/../../../../avr/lib/avr5\libm.a(addsf3x.o)
 .data          0x00000000        0x0 c:/program files (x86)/atmel/studio/7.0/toolchain/avr8/avr8-gnu-toolchain/bin/../lib/gcc/avr/5.4.0/../../../../avr/lib/avr5\libm.a(addsf3x.o)
 .bss           0x00000000        0x0 c:/program files (x86)/atmel/studio/7.0/toolchain/avr8/avr8-gnu-toolchain/bin/../lib/gcc/avr/5.4.0/../../../../avr/lib/avr5\libm.a(addsf3x.o)
 .text          0x00000000        0x0 c:/program files (x86)/atmel/studio/7.0/toolchain/avr8/avr8-gnu-toolchain/bin/../lib/gcc/avr/5.4.0/../../../../avr/lib/avr5\libm.a(cmpsf2.o)
 .data          0x00000000        0x0 c:/program files (x86)/atmel/studio/7.0/toolchain/avr8/avr8-gnu-toolchain/bin/../lib/gcc/avr/5.4.0/../../../../avr/lib/avr5\libm.a(cmpsf2.o)
 .bss           0x00000000        0x0 c:/program files (x86)/atmel/studio/7.0/toolchain/avr8/avr8-gnu-toolchain/bin/../lib/gcc/avr/5.4.0/../../../../avr/lib/avr5\libm.a(cmpsf2.o)
 .text.avr-libc.fplib
                0x00000000        0xa c:/program files (x86)/atmel/studio/7.0/toolchain/avr8/avr8-gnu-toolchain/bin/../lib/gcc/avr/5.4.0/../../../../avr/lib/avr5\libm.a(cmpsf2.o)
 .text          0x00000000        0x0 c:/program files (x86)/atmel/studio/7.0/toolchain/avr8/avr8-gnu-toolchain/bin/../lib/gcc/avr/5.4.0/../../../../avr/lib/avr5\libm.a(divsf3.o)
 .data          0x00000000        0x0 c:/program files (x86)/atmel/studio/7.0/toolchain/avr8/avr8-gnu-toolchain/bin/../lib/gcc/avr/5.4.0/../../../../avr/lib/avr5\libm.a(divsf3.o)
 .bss           0x00000000        0x0 c:/program files (x86)/atmel/studio/7.0/toolchain/avr8/avr8-gnu-toolchain/bin/../lib/gcc/avr/5.4.0/../../../../avr/lib/avr5\libm.a(divsf3.o)
 .text          0x00000000        0x0 c:/program files (x86)/atmel/studio/7.0/toolchain/avr8/avr8-gnu-toolchain/bin/../lib/gcc/avr/5.4.0/../../../../avr/lib/avr5\libm.a(divsf3x.o)
 .data          0x00000000        0x0 c:/program files (x86)/atmel/studio/7.0/toolchain/avr8/avr8-gnu-toolchain/bin/../lib/gcc/avr/5.4.0/../../../../avr/lib/avr5\libm.a(divsf3x.o)
 .bss           0x00000000        0x0 c:/program files (x86)/atmel/studio/7.0/toolchain/avr8/avr8-gnu-toolchain/bin/../lib/gcc/avr/5.4.0/../../../../avr/lib/avr5\libm.a(divsf3x.o)
 .text          0x00000000        0x0 c:/program files (x86)/atmel/studio/7.0/toolchain/avr8/avr8-gnu-toolchain/bin/../lib/gcc/avr/5.4.0/../../../../avr/lib/avr5\libm.a(fixsfsi.o)
 .data          0x00000000        0x0 c:/program files (x86)/atmel/studio/7.0/toolchain/avr8/avr8-gnu-toolchain/bin/../lib/gcc/avr/5.4.0/../../../../avr/lib/avr5\libm.a(fixsfsi.o)
 .bss           0x00000000        0x0 c:/program files (x86)/atmel/studio/7.0/toolchain/avr8/avr8-gnu-toolchain/bin/../lib/gcc/avr/5.4.0/../../../../avr/lib/avr5\libm.a(fixsfsi.o)
 .text          0x00000000        0x0 c:/program files (x86)/atmel/studio/7.0/toolchain/avr8/avr8-gnu-toolchain/bin/../lib/gcc/avr/5.4.0/../../../../avr/lib/avr5\libm.a(fixunssfsi.o)
 .data          0x00000000        0x0 c:/program files (x86)/atmel/studio/7.0/toolchain/avr8/avr8-gnu-toolchain/bin/../lib/gcc/avr/5.4.0/../../../../avr/lib/avr5\libm.a(fixunssfsi.o)
 .bss           0x00000000        0x0 c:/program files (x86)/atmel/studio/7.0/toolchain/avr8/avr8-gnu-toolchain/bin/../lib/gcc/avr/5.4.0/../../../../avr/lib/avr5\libm.a(fixunssfsi.o)
 .text          0x00000000        0x0 c:/program files (x86)/atmel/studio/7.0/toolchain/avr8/avr8-gnu-toolchain/bin/../lib/gcc/avr/5.4.0/../../../../avr/lib/avr5\libm.a(floatsisf.o)
 .data          0x00000000        0x0 c:/program files (x86)/atmel/studio/7.0/toolchain/avr8/avr8-gnu-toolchain/bin/../lib/gcc/avr/5.4.0/../../../../avr/lib/avr5\libm.a(floatsisf.o)
 .bss           0x00000000        0x0 c:/program files (x86)/atmel/studio/7.0/toolchain/avr8/avr8-gnu-toolchain/bin/../lib/gcc/avr/5.4.0/../../../../avr/lib/avr5\libm.a(floatsisf.o)
 .text          0x00000000        0x0 c:/program files (x86)/atmel/studio/7.0/toolchain/avr8/avr8-gnu-toolchain/bin/../lib/gcc/avr/5.4.0/../../../../avr/lib/avr5\libm.a(fp_cmp.o)
 .data          0x00000000        0x0 c:/program files (x86)/atmel/studio/7.0/toolchain/avr8/avr8-gnu-toolchain/bin/../lib/gcc/avr/5.4.0/../../../../avr/lib/avr5\libm.a(fp_cmp.o)
 .bss           0x00000000        0x0 c:/program files (x86)/atmel/studio/7.0/toolchain/avr8/avr8-gnu-toolchain/bin/../lib/gcc/avr/5.4.0/../../../../avr/lib/avr5\libm.a(fp_cmp.o)
 .text.avr-libc.fplib
                0x00000000       0x48 c:/program files (x86)/atmel/studio/7.0/toolchain/avr8/avr8-gnu-toolchain/bin/../lib/gcc/avr/5.4.0/../../../../avr/lib/avr5\libm.a(fp_cmp.o)
 .text          0x00000000        0x0 c:/program files (x86)/atmel/studio/7.0/toolchain/avr8/avr8-gnu-toolchain/bin/../lib/gcc/avr/5.4.0/../../../../avr/lib/avr5\libm.a(fp_inf.o)
 .data          0x00000000        0x0 c:/program files (x86)/atmel/studio/7.0/toolchain/avr8/avr8-gnu-toolchain/bin/../lib/gcc/avr/5.4.0/../../../../avr/lib/avr5\libm.a(fp_inf.o)
 .bss           0x00000000        0x0 c:/program files (x86)/atmel/studio/7.0/toolchain/avr8/avr8-gnu-toolchain/bin/../lib/gcc/avr/5.4.0/../../../../avr/lib/avr5\libm.a(fp_inf.o)
 .text          0x00000000        0x0 c:/program files (x86)/atmel/studio/7.0/toolchain/avr8/avr8-gnu-toolchain/bin/../lib/gcc/avr/5.4.0/../../../../avr/lib/avr5\libm.a(fp_nan.o)
 .data          0x00000000        0x0 c:/program files (x86)/atmel/studio/7.0/toolchain/avr8/avr8-gnu-toolchain/bin/../lib/gcc/avr/5.4.0/../../../../avr/lib/avr5\libm.a(fp_nan.o)
 .bss           0x00000000        0x0 c:/program files (x86)/atmel/studio/7.0/toolchain/avr8/avr8-gnu-toolchain/bin/../lib/gcc/avr/5.4.0/../../../../avr/lib/avr5\libm.a(fp_nan.o)
 .text          0x00000000        0x0 c:/program files (x86)/atmel/studio/7.0/toolchain/avr8/avr8-gnu-toolchain/bin/../lib/gcc/avr/5.4.0/../../../../avr/lib/avr5\libm.a(fp_pscA.o)
 .data          0x00000000        0x0 c:/program files (x86)/atmel/studio/7.0/toolchain/avr8/avr8-gnu-toolchain/bin/../lib/gcc/avr/5.4.0/../../../../avr/lib/avr5\libm.a(fp_pscA.o)
 .bss           0x00000000        0x0 c:/program files (x86)/atmel/studio/7.0/toolchain/avr8/avr8-gnu-toolchain/bin/../lib/gcc/avr/5.4.0/../../../../avr/lib/avr5\libm.a(fp_pscA.o)
 .text          0x00000000        0x0 c:/program files (x86)/atmel/studio/7.0/toolchain/avr8/avr8-gnu-toolchain/bin/../lib/gcc/avr/5.4.0/../../../../avr/lib/avr5\libm.a(fp_pscB.o)
 .data          0x00000000        0x0 c:/program files (x86)/atmel/studio/7.0/toolchain/avr8/avr8-gnu-toolchain/bin/../lib/gcc/avr/5.4.0/../../../../avr/lib/avr5\libm.a(fp_pscB.o)
 .bss           0x00000000        0x0 c:/program files (x86)/atmel/studio/7.0/toolchain/avr8/avr8-gnu-toolchain/bin/../lib/gcc/avr/5.4.0/../../../../avr/lib/avr5\libm.a(fp_pscB.o)
 .text          0x00000000        0x0 c:/program files (x86)/atmel/studio/7.0/toolchain/avr8/avr8-gnu-toolchain/bin/../lib/gcc/avr/5.4.0/../../../../avr/lib/avr5\libm.a(fp_round.o)
 .data          0x00000000        0x0 c:/program files (x86)/atmel/studio/7.0/toolchain/avr8/avr8-gnu-toolchain/bin/../lib/gcc/avr/5.4.0/../../../../avr/lib/avr5\libm.a(fp_round.o)
 .bss           0x00000000        0x0 c:/program files (x86)/atmel/studio/7.0/toolchain/avr8/avr8-gnu-toolchain/bin/../lib/gcc/avr/5.4.0/../../../../avr/lib/avr5\libm.a(fp_round.o)
 .text          0x00000000        0x0 c:/program files (x86)/atmel/studio/7.0/toolchain/avr8/avr8-gnu-toolchain/bin/../lib/gcc/avr/5.4.0/../../../../avr/lib/avr5\libm.a(fp_split3.o)
 .data          0x00000000        0x0 c:/program files (x86)/atmel/studio/7.0/toolchain/avr8/avr8-gnu-toolchain/bin/../lib/gcc/avr/5.4.0/../../../../avr/lib/avr5\libm.a(fp_split3.o)
 .bss           0x00000000        0x0 c:/program files (x86)/atmel/studio/7.0/toolchain/avr8/avr8-gnu-toolchain/bin/../lib/gcc/avr/5.4.0/../../../../avr/lib/avr5\libm.a(fp_split3.o)
 .text          0x00000000        0x0 c:/program files (x86)/atmel/studio/7.0/toolchain/avr8/avr8-gnu-toolchain/bin/../lib/gcc/avr/5.4.0/../../../../avr/lib/avr5\libm.a(fp_zero.o)
 .data          0x00000000        0x0 c:/program files (x86)/atmel/studio/7.0/toolchain/avr8/avr8-gnu-toolchain/bin/../lib/gcc/avr/5.4.0/../../../../avr/lib/avr5\libm.a(fp_zero.o)
 .bss           0x00000000        0x0 c:/program files (x86)/atmel/studio/7.0/toolchain/avr8/avr8-gnu-toolchain/bin/../lib/gcc/avr/5.4.0/../../../../avr/lib/avr5\libm.a(fp_zero.o)
 .text          0x00000000        0x0 c:/program files (x86)/atmel/studio/7.0/toolchain/avr8/avr8-gnu-toolchain/bin/../lib/gcc/avr/5.4.0/../../../../avr/lib/avr5\libm.a(gesf2.o)
 .data          0x00000000        0x0 c:/program files (x86)/atmel/studio/7.0/toolchain/avr8/avr8-gnu-toolchain/bin/../lib/gcc/avr/5.4.0/../../../../avr/lib/avr5\libm.a(gesf2.o)
 .bss           0x00000000        0x0 c:/program files (x86)/atmel/studio/7.0/toolchain/avr8/avr8-gnu-toolchain/bin/../lib/gcc/avr/5.4.0/../../../../avr/lib/avr5\libm.a(gesf2.o)
 .text.avr-libc.fplib
                0x00000000        0xa c:/program files (x86)/atmel/studio/7.0/toolchain/avr8/avr8-gnu-toolchain/bin/../lib/gcc/avr/5.4.0/../../../../avr/lib/avr5\libm.a(gesf2.o)
 .text          0x00000000        0x0 c:/program files (x86)/atmel/studio/7.0/toolchain/avr8/avr8-gnu-toolchain/bin/../lib/gcc/avr/5.4.0/../../../../avr/lib/avr5\libm.a(mulsf3.o)
 .data          0x00000000        0x0 c:/program files (x86)/atmel/studio/7.0/toolchain/avr8/avr8-gnu-toolchain/bin/../lib/gcc/avr/5.4.0/../../../../avr/lib/avr5\libm.a(mulsf3.o)
 .bss           0x00000000        0x0 c:/program files (x86)/atmel/studio/7.0/toolchain/avr8/avr8-gnu-toolchain/bin/../lib/gcc/avr/5.4.0/../../../../avr/lib/avr5\libm.a(mulsf3.o)
 .text          0x00000000        0x0 c:/program files (x86)/atmel/studio/7.0/toolchain/avr8/avr8-gnu-toolchain/bin/../lib/gcc/avr/5.4.0/../../../../avr/lib/avr5\libm.a(mulsf3x.o)
 .data          0x00000000        0x0 c:/program files (x86)/atmel/studio/7.0/toolchain/avr8/avr8-gnu-toolchain/bin/../lib/gcc/avr/5.4.0/../../../../avr/lib/avr5\libm.a(mulsf3x.o)
 .bss           0x00000000        0x0 c:/program files (x86)/atmel/studio/7.0/toolchain/avr8/avr8-gnu-toolchain/bin/../lib/gcc/avr/5.4.0/../../../../avr/lib/avr5\libm.a(mulsf3x.o)
 .text          0x00000000        0x0 c:/program files (x86)/atmel/studio/7.0/toolchain/avr8/avr8-gnu-toolchain/bin/../lib/gcc/avr/5.4.0/avr5\libgcc.a(_exit.o)
 .data          0x00000000        0x0 c:/program files (x86)/atmel/studio/7.0/toolchain/avr8/avr8-gnu-toolchain/bin/../lib/gcc/avr/5.4.0/avr5\libgcc.a(_exit.o)
 .bss           0x00000000        0x0 c:/program files (x86)/atmel/studio/7.0/toolchain/avr8/avr8-gnu-toolchain/bin/../lib/gcc/avr/5.4.0/avr5\libgcc.a(_exit.o)
 .text.libgcc.mul
                0x00000000        0x0 c:/program files (x86)/atmel/studio/7.0/toolchain/avr8/avr8-gnu-toolchain/bin/../lib/gcc/avr/5.4.0/avr5\libgcc.a(_exit.o)
 .text.libgcc.div
                0x00000000        0x0 c:/program files (x86)/atmel/studio/7.0/toolchain/avr8/avr8-gnu-toolchain/bin/../lib/gcc/avr/5.4.0/avr5\libgcc.a(_exit.o)
 .text.libgcc   0x00000000        0x0 c:/program files (x86)/atmel/studio/7.0/toolchain/avr8/avr8-gnu-toolchain/bin/../lib/gcc/avr/5.4.0/avr5\libgcc.a(_exit.o)
 .text.libgcc.prologue
                0x00000000        0x0 c:/program files (x86)/atmel/studio/7.0/toolchain/avr8/avr8-gnu-toolchain/bin/../lib/gcc/avr/5.4.0/avr5\libgcc.a(_exit.o)
 .text.libgcc.builtins
                0x00000000        0x0 c:/program files (x86)/atmel/studio/7.0/toolchain/avr8/avr8-gnu-toolchain/bin/../lib/gcc/avr/5.4.0/avr5\libgcc.a(_exit.o)
 .text.libgcc.fmul
                0x00000000        0x0 c:/program files (x86)/atmel/studio/7.0/toolchain/avr8/avr8-gnu-toolchain/bin/../lib/gcc/avr/5.4.0/avr5\libgcc.a(_exit.o)
 .text.libgcc.fixed
                0x00000000        0x0 c:/program files (x86)/atmel/studio/7.0/toolchain/avr8/avr8-gnu-toolchain/bin/../lib/gcc/avr/5.4.0/avr5\libgcc.a(_exit.o)
 .text          0x00000000        0x0 c:/program files (x86)/atmel/studio/7.0/toolchain/avr8/avr8-gnu-toolchain/bin/../lib/gcc/avr/5.4.0/avr5\libgcc.a(_copy_data.o)
 .data          0x00000000        0x0 c:/program files (x86)/atmel/studio/7.0/toolchain/avr8/avr8-gnu-toolchain/bin/../lib/gcc/avr/5.4.0/avr5\libgcc.a(_copy_data.o)
 .bss           0x00000000        0x0 c:/program files (x86)/atmel/studio/7.0/toolchain/avr8/avr8-gnu-toolchain/bin/../lib/gcc/avr/5.4.0/avr5\libgcc.a(_copy_data.o)
 .text.libgcc.mul
                0x00000000        0x0 c:/program files (x86)/atmel/studio/7.0/toolchain/avr8/avr8-gnu-toolchain/bin/../lib/gcc/avr/5.4.0/avr5\libgcc.a(_copy_data.o)
 .text.libgcc.div
                0x00000000        0x0 c:/program files (x86)/atmel/studio/7.0/toolchain/avr8/avr8-gnu-toolchain/bin/../lib/gcc/avr/5.4.0/avr5\libgcc.a(_copy_data.o)
 .text.libgcc   0x00000000        0x0 c:/program files (x86)/atmel/studio/7.0/toolchain/avr8/avr8-gnu-toolchain/bin/../lib/gcc/avr/5.4.0/avr5\libgcc.a(_copy_data.o)
 .text.libgcc.prologue
                0x00000000        0x0 c:/program files (x86)/atmel/studio/7.0/toolchain/avr8/avr8-gnu-toolchain/bin/../lib/gcc/avr/5.4.0/avr5\libgcc.a(_copy_data.o)
 .text.libgcc.builtins
                0x00000000        0x0 c:/program files (x86)/atmel/studio/7.0/toolchain/avr8/avr8-gnu-toolchain/bin/../lib/gcc/avr/5.4.0/avr5\libgcc.a(_copy_data.o)
 .text.libgcc.fmul
                0x00000000        0x0 c:/program files (x86)/atmel/studio/7.0/toolchain/avr8/avr8-gnu-toolchain/bin/../lib/gcc/avr/5.4.0/avr5\libgcc.a(_copy_data.o)
 .text.libgcc.fixed
                0x00000000        0x0 c:/program files (x86)/atmel/studio/7.0/toolchain/avr8/avr8-gnu-toolchain/bin/../lib/gcc/avr/5.4.0/avr5\libgcc.a(_copy_data.o)
 .text          0x00000000        0x0 c:/program files (x86)/atmel/studio/7.0/toolchain/avr8/avr8-gnu-toolchain/bin/../lib/gcc/avr/5.4.0/avr5\libgcc.a(_clear_bss.o)
 .data          0x00000000        0x0 c:/program files (x86)/atmel/studio/7.0/toolchain/avr8/avr8-gnu-toolchain/bin/../lib/gcc/avr/5.4.0/avr5\libgcc.a(_clear_bss.o)
 .bss           0x00000000        0x0 c:/program files (x86)/atmel/studio/7.0/toolchain/avr8/avr8-gnu-toolchain/bin/../lib/gcc/avr/5.4.0/avr5\libgcc.a(_clear_bss.o)
 .text.libgcc.mul
                0x00000000        0x0 c:/program files (x86)/atmel/studio/7.0/toolchain/avr8/avr8-gnu-toolchain/bin/../lib/gcc/avr/5.4.0/avr5\libgcc.a(_clear_bss.o)
 .text.libgcc.div
                0x00000000        0x0 c:/program files (x86)/atmel/studio/7.0/toolchain/avr8/avr8-gnu-toolchain/bin/../lib/gcc/avr/5.4.0/avr5\libgcc.a(_clear_bss.o)
 .text.libgcc   0x00000000        0x0 c:/program files (x86)/atmel/studio/7.0/toolchain/avr8/avr8-gnu-toolchain/bin/../lib/gcc/avr/5.4.0/avr5\libgcc.a(_clear_bss.o)
 .text.libgcc.prologue
                0x00000000        0x0 c:/program files (x86)/atmel/studio/7.0/toolchain/avr8/avr8-gnu-toolchain/bin/../lib/gcc/avr/5.4.0/avr5\libgcc.a(_clear_bss.o)
 .text.libgcc.builtins
                0x00000000        0x0 c:/program files (x86)/atmel/studio/7.0/toolchain/avr8/avr8-gnu-toolchain/bin/../lib/gcc/avr/5.4.0/avr5\libgcc.a(_clear_bss.o)
 .text.libgcc.fmul
                0x00000000        0x0 c:/program files (x86)/atmel/studio/7.0/toolchain/avr8/avr8-gnu-toolchain/bin/../lib/gcc/avr/5.4.0/avr5\libgcc.a(_clear_bss.o)
 .text.libgcc.fixed
                0x00000000        0x0 c:/program files (x86)/atmel/studio/7.0/toolchain/avr8/avr8-gnu-toolchain/bin/../lib/gcc/avr/5.4.0/avr5\libgcc.a(_clear_bss.o)
 .text          0x00000000        0x0 c:/program files (x86)/atmel/studio/7.0/toolchain/avr8/avr8-gnu-toolchain/bin/../lib/gcc/avr/5.4.0/avr5\libgcc.a(_mulshisi3.o)
 .data          0x00000000        0x0 c:/program files (x86)/atmel/studio/7.0/toolchain/avr8/avr8-gnu-toolchain/bin/../lib/gcc/avr/5.4.0/avr5\libgcc.a(_mulshisi3.o)
 .bss           0x00000000        0x0 c:/program files (x86)/atmel/studio/7.0/toolchain/avr8/avr8-gnu-toolchain/bin/../lib/gcc/avr/5.4.0/avr5\libgcc.a(_mulshisi3.o)
 .text.libgcc.div
                0x00000000        0x0 c:/program files (x86)/atmel/studio/7.0/toolchain/avr8/avr8-gnu-toolchain/bin/../lib/gcc/avr/5.4.0/avr5\libgcc.a(_mulshisi3.o)
 .text.libgcc   0x00000000        0x0 c:/program files (x86)/atmel/studio/7.0/toolchain/avr8/avr8-gnu-toolchain/bin/../lib/gcc/avr/5.4.0/avr5\libgcc.a(_mulshisi3.o)
 .text.libgcc.prologue
                0x00000000        0x0 c:/program files (x86)/atmel/studio/7.0/toolchain/avr8/avr8-gnu-toolchain/bin/../lib/gcc/avr/5.4.0/avr5\libgcc.a(_mulshisi3.o)
 .text.libgcc.builtins
                0x00000000        0x0 c:/program files (x86)/atmel/studio/7.0/toolchain/avr8/avr8-gnu-toolchain/bin/../lib/gcc/avr/5.4.0/avr5\libgcc.a(_mulshisi3.o)
 .text.libgcc.fmul
                0x00000000        0x0 c:/program files (x86)/atmel/studio/7.0/toolchain/avr8/avr8-gnu-toolchain/bin/../lib/gcc/avr/5.4.0/avr5\libgcc.a(_mulshisi3.o)
 .text.libgcc.fixed
                0x00000000        0x0 c:/program files (x86)/atmel/studio/7.0/toolchain/avr8/avr8-gnu-toolchain/bin/../lib/gcc/avr/5.4.0/avr5\libgcc.a(_mulshisi3.o)
 .text          0x00000000        0x0 c:/program files (x86)/atmel/studio/7.0/toolchain/avr8/avr8-gnu-toolchain/bin/../lib/gcc/avr/5.4.0/avr5\libgcc.a(_muluhisi3.o)
 .data          0x00000000        0x0 c:/program files (x86)/atmel/studio/7.0/toolchain/avr8/avr8-gnu-toolchain/bin/../lib/gcc/avr/5.4.0/avr5\libgcc.a(_muluhisi3.o)
 .bss           0x00000000        0x0 c:/program files (x86)/atmel/studio/7.0/toolchain/avr8/avr8-gnu-toolchain/bin/../lib/gcc/avr/5.4.0/avr5\libgcc.a(_muluhisi3.o)
 .text.libgcc.div
                0x00000000        0x0 c:/program files (x86)/atmel/studio/7.0/toolchain/avr8/avr8-gnu-toolchain/bin/../lib/gcc/avr/5.4.0/avr5\libgcc.a(_muluhisi3.o)
 .text.libgcc   0x00000000        0x0 c:/program files (x86)/atmel/studio/7.0/toolchain/avr8/avr8-gnu-toolchain/bin/../lib/gcc/avr/5.4.0/avr5\libgcc.a(_muluhisi3.o)
 .text.libgcc.prologue
                0x00000000        0x0 c:/program files (x86)/atmel/studio/7.0/toolchain/avr8/avr8-gnu-toolchain/bin/../lib/gcc/avr/5.4.0/avr5\libgcc.a(_muluhisi3.o)
 .text.libgcc.builtins
                0x00000000        0x0 c:/program files (x86)/atmel/studio/7.0/toolchain/avr8/avr8-gnu-toolchain/bin/../lib/gcc/avr/5.4.0/avr5\libgcc.a(_muluhisi3.o)
 .text.libgcc.fmul
                0x00000000        0x0 c:/program files (x86)/atmel/studio/7.0/toolchain/avr8/avr8-gnu-toolchain/bin/../lib/gcc/avr/5.4.0/avr5\libgcc.a(_muluhisi3.o)
 .text.libgcc.fixed
                0x00000000        0x0 c:/program files (x86)/atmel/studio/7.0/toolchain/avr8/avr8-gnu-toolchain/bin/../lib/gcc/avr/5.4.0/avr5\libgcc.a(_muluhisi3.o)
 .text          0x00000000        0x0 c:/program files (x86)/atmel/studio/7.0/toolchain/avr8/avr8-gnu-toolchain/bin/../lib/gcc/avr/5.4.0/avr5\libgcc.a(_umulhisi3.o)
 .data          0x00000000        0x0 c:/program files (x86)/atmel/studio/7.0/toolchain/avr8/avr8-gnu-toolchain/bin/../lib/gcc/avr/5.4.0/avr5\libgcc.a(_umulhisi3.o)
 .bss           0x00000000        0x0 c:/program files (x86)/atmel/studio/7.0/toolchain/avr8/avr8-gnu-toolchain/bin/../lib/gcc/avr/5.4.0/avr5\libgcc.a(_umulhisi3.o)
 .text.libgcc.div
                0x00000000        0x0 c:/program files (x86)/atmel/studio/7.0/toolchain/avr8/avr8-gnu-toolchain/bin/../lib/gcc/avr/5.4.0/avr5\libgcc.a(_umulhisi3.o)
 .text.libgcc   0x00000000        0x0 c:/program files (x86)/atmel/studio/7.0/toolchain/avr8/avr8-gnu-toolchain/bin/../lib/gcc/avr/5.4.0/avr5\libgcc.a(_umulhisi3.o)
 .text.libgcc.prologue
                0x00000000        0x0 c:/program files (x86)/atmel/studio/7.0/toolchain/avr8/avr8-gnu-toolchain/bin/../lib/gcc/avr/5.4.0/avr5\libgcc.a(_umulhisi3.o)
 .text.libgcc.builtins
                0x00000000        0x0 c:/program files (x86)/atmel/studio/7.0/toolchain/avr8/avr8-gnu-toolchain/bin/../lib/gcc/avr/5.4.0/avr5\libgcc.a(_umulhisi3.o)
 .text.libgcc.fmul
                0x00000000        0x0 c:/program files (x86)/atmel/studio/7.0/toolchain/avr8/avr8-gnu-toolchain/bin/../lib/gcc/avr/5.4.0/avr5\libgcc.a(_umulhisi3.o)
 .text.libgcc.fixed
                0x00000000        0x0 c:/program files (x86)/atmel/studio/7.0/toolchain/avr8/avr8-gnu-toolchain/bin/../lib/gcc/avr/5.4.0/avr5\libgcc.a(_umulhisi3.o)
 .text          0x00000000        0x0 c:/program files (x86)/atmel/studio/7.0/toolchain/avr8/avr8-gnu-toolchain/bin/../lib/gcc/avr/5.4.0/../../../../avr/lib/avr5\libc.a(itoa.o)
 .data          0x00000000        0x0 c:/program files (x86)/atmel/studio/7.0/toolchain/avr8/avr8-gnu-toolchain/bin/../lib/gcc/avr/5.4.0/../../../../avr/lib/avr5\libc.a(itoa.o)
 .bss           0x00000000        0x0 c:/program files (x86)/atmel/studio/7.0/toolchain/avr8/avr8-gnu-toolchain/bin/../lib/gcc/avr/5.4.0/../../../../avr/lib/avr5\libc.a(itoa.o)
 .text          0x00000000        0x0 c:/program files (x86)/atmel/studio/7.0/toolchain/avr8/avr8-gnu-toolchain/bin/../lib/gcc/avr/5.4.0/../../../../avr/lib/avr5\libc.a(itoa_ncheck.o)
 .data          0x00000000        0x0 c:/program files (x86)/atmel/studio/7.0/toolchain/avr8/avr8-gnu-toolchain/bin/../lib/gcc/avr/5.4.0/../../../../avr/lib/avr5\libc.a(itoa_ncheck.o)
 .bss           0x00000000        0x0 c:/program files (x86)/atmel/studio/7.0/toolchain/avr8/avr8-gnu-toolchain/bin/../lib/gcc/avr/5.4.0/../../../../avr/lib/avr5\libc.a(itoa_ncheck.o)
 .text          0x00000000        0x0 c:/program files (x86)/atmel/studio/7.0/toolchain/avr8/avr8-gnu-toolchain/bin/../lib/gcc/avr/5.4.0/../../../../avr/lib/avr5\libc.a(utoa_ncheck.o)
 .data          0x00000000        0x0 c:/program files (x86)/atmel/studio/7.0/toolchain/avr8/avr8-gnu-toolchain/bin/../lib/gcc/avr/5.4.0/../../../../avr/lib/avr5\libc.a(utoa_ncheck.o)
 .bss           0x00000000        0x0 c:/program files (x86)/atmel/studio/7.0/toolchain/avr8/avr8-gnu-toolchain/bin/../lib/gcc/avr/5.4.0/../../../../avr/lib/avr5\libc.a(utoa_ncheck.o)
 .text          0x00000000        0x0 c:/program files (x86)/atmel/studio/7.0/toolchain/avr8/avr8-gnu-toolchain/bin/../lib/gcc/avr/5.4.0/../../../../avr/lib/avr5\libc.a(strrev.o)
 .data          0x00000000        0x0 c:/program files (x86)/atmel/studio/7.0/toolchain/avr8/avr8-gnu-toolchain/bin/../lib/gcc/avr/5.4.0/../../../../avr/lib/avr5\libc.a(strrev.o)
 .bss           0x00000000        0x0 c:/program files (x86)/atmel/studio/7.0/toolchain/avr8/avr8-gnu-toolchain/bin/../lib/gcc/avr/5.4.0/../../../../avr/lib/avr5\libc.a(strrev.o)

Memory Configuration

Name             Origin             Length             Attributes
text             0x00000000         0x00008000         xr
data             0x00800060         0x00000800         rw !x
eeprom           0x00810000         0x00000400         rw !x
fuse             0x00820000         0x00000002         rw !x
lock             0x00830000         0x00000400         rw !x
signature        0x00840000         0x00000400         rw !x
user_signatures  0x00850000         0x00000400         rw !x
*default*        0x00000000         0xffffffff

Linker script and memory map

LOAD C:/Program Files (x86)/Atmel/Studio/7.0/Packs/atmel/ATmega_DFP/1.7.374/gcc/dev/atmega32/avr5/crtatmega32.o
LOAD gpio.o
LOAD lcd.o
LOAD main.o
LOAD pid.o
LOAD pid_cfg.o
LOAD Poller.o
LOAD PollerTimer.o
LOAD PWM.o
LOAD spi.o
LOAD TC72_Tempr.o
START GROUP
LOAD c:/program files (x86)/atmel/studio/7.0/toolchain/avr8/avr8-gnu-toolchain/bin/../lib/gcc/avr/5.4.0/../../../../avr/lib/avr5\libm.a
END GROUP
START GROUP
LOAD c:/program files (x86)/atmel/studio/7.0/toolchain/avr8/avr8-gnu-toolchain/bin/../lib/gcc/avr/5.4.0/avr5\libgcc.a
LOAD c:/program files (x86)/atmel/studio/7.0/toolchain/avr8/avr8-gnu-toolchain/bin/../lib/gcc/avr/5.4.0/../../../../avr/lib/avr5\libm.a
LOAD c:/program files (x86)/atmel/studio/7.0/toolchain/avr8/avr8-gnu-toolchain/bin/../lib/gcc/avr/5.4.0/../../../../avr/lib/avr5\libc.a
LOAD C:/Program Files (x86)/Atmel/Studio/7.0/Packs/atmel/ATmega_DFP/1.7.374/gcc/dev/atmega32/avr5\libatmega32.a
END GROUP
                0x00000000                __TEXT_REGION_ORIGIN__ = DEFINED (__TEXT_REGION_ORIGIN__)?__TEXT_REGION_ORIGIN__:0x0
                [0x00800060]                __DATA_REGION_ORIGIN__ = DEFINED (__DATA_REGION_ORIGIN__)?__DATA_REGION_ORIGIN__:0x800060
                [0x00008000]                __TEXT_REGION_LENGTH__ = DEFINED (__TEXT_REGION_LENGTH__)?__TEXT_REGION_LENGTH__:0x20000
                [0x00000800]                __DATA_REGION_LENGTH__ = DEFINED (__DATA_REGION_LENGTH__)?__DATA_REGION_LENGTH__:0xffa0
                [0x00000400]                __EEPROM_REGION_LENGTH__ = DEFINED (__EEPROM_REGION_LENGTH__)?__EEPROM_REGION_LENGTH__:0x10000
                [0x00000002]                __FUSE_REGION_LENGTH__ = DEFINED (__FUSE_REGION_LENGTH__)?__FUSE_REGION_LENGTH__:0x400
                0x00000400                __LOCK_REGION_LENGTH__ = DEFINED (__LOCK_REGION_LENGTH__)?__LOCK_REGION_LENGTH__:0x400
                0x00000400                __SIGNATURE_REGION_LENGTH__ = DEFINED (__SIGNATURE_REGION_LENGTH__)?__SIGNATURE_REGION_LENGTH__:0x400
                0x00000400                __USER_SIGNATURE_REGION_LENGTH__ = DEFINED (__USER_SIGNATURE_REGION_LENGTH__)?__USER_SIGNATURE_REGION_LENGTH__:0x400

.hash
 *(.hash)

.dynsym
 *(.dynsym)

.dynstr
 *(.dynstr)

.gnu.version
 *(.gnu.version)

.gnu.version_d
 *(.gnu.version_d)

.gnu.version_r
 *(.gnu.version_r)

.rel.init
 *(.rel.init)

.rela.init
 *(.rela.init)

.rel.text
 *(.rel.text)
 *(.rel.text.*)
 *(.rel.gnu.linkonce.t*)

.rela.text
 *(.rela.text)
 *(.rela.text.*)
 *(.rela.gnu.linkonce.t*)

.rel.fini
 *(.rel.fini)

.rela.fini
 *(.rela.fini)

.rel.rodata
 *(.rel.rodata)
 *(.rel.rodata.*)
 *(.rel.gnu.linkonce.r*)

.rela.rodata
 *(.rela.rodata)
 *(.rela.rodata.*)
 *(.rela.gnu.linkonce.r*)

.rel.data
 *(.rel.data)
 *(.rel.data.*)
 *(.rel.gnu.linkonce.d*)

.rela.data
 *(.rela.data)
 *(.rela.data.*)
 *(.rela.gnu.linkonce.d*)

.rel.ctors
 *(.rel.ctors)

.rela.ctors
 *(.rela.ctors)

.rel.dtors
 *(.rel.dtors)

.rela.dtors
 *(.rela.dtors)

.rel.got
 *(.rel.got)

.rela.got
 *(.rela.got)

.rel.bss
 *(.rel.bss)

.rela.bss
 *(.rela.bss)

.rel.plt
 *(.rel.plt)

.rela.plt
 *(.rela.plt)

.text           0x00000000      0xd9c
 *(.vectors)
 .vectors       0x00000000       0x54 C:/Program Files (x86)/Atmel/Studio/7.0/Packs/atmel/ATmega_DFP/1.7.374/gcc/dev/atmega32/avr5/crtatmega32.o
                0x00000000                __vector_default
                0x00000000                __vectors
 *(.vectors)
 *(.progmem.gcc*)
                0x00000054                . = ALIGN (0x2)
                0x00000054                __trampolines_start = .
 *(.trampolines)
 .trampolines   0x00000054        0x0 linker stubs
 *(.trampolines*)
                0x00000054                __trampolines_end = .
 *libprintf_flt.a:*(.progmem.data)
 *libc.a:*(.progmem.data)
 *(.progmem*)
                0x00000054                . = ALIGN (0x2)
 *(.jumptables)
 *(.jumptables*)
 *(.lowtext)
 *(.lowtext*)
                0x00000054                __ctors_start = .
 *(.ctors)
                0x00000054                __ctors_end = .
                0x00000054                __dtors_start = .
 *(.dtors)
                0x00000054                __dtors_end = .
 SORT(*)(.ctors)
 SORT(*)(.dtors)
 *(.init0)
 .init0         0x00000054        0x0 C:/Program Files (x86)/Atmel/Studio/7.0/Packs/atmel/ATmega_DFP/1.7.374/gcc/dev/atmega32/avr5/crtatmega32.o
                0x00000054                __init
 *(.init0)
 *(.init1)
 *(.init1)
 *(.init2)
 .init2         0x00000054        0xc C:/Program Files (x86)/Atmel/Studio/7.0/Packs/atmel/ATmega_DFP/1.7.374/gcc/dev/atmega32/avr5/crtatmega32.o
 *(.init2)
 *(.init3)
 *(.init3)
 *(.init4)
 .init4         0x00000060       0x16 c:/program files (x86)/atmel/studio/7.0/toolchain/avr8/avr8-gnu-toolchain/bin/../lib/gcc/avr/5.4.0/avr5\libgcc.a(_copy_data.o)
                0x00000060                __do_copy_data
 .init4         0x00000076       0x10 c:/program files (x86)/atmel/studio/7.0/toolchain/avr8/avr8-gnu-toolchain/bin/../lib/gcc/avr/5.4.0/avr5\libgcc.a(_clear_bss.o)
                0x00000076                __do_clear_bss
 *(.init4)
 *(.init5)
 *(.init5)
 *(.init6)
 *(.init6)
 *(.init7)
 *(.init7)
 *(.init8)
 *(.init8)
 *(.init9)
 .init9         0x00000086        0x8 C:/Program Files (x86)/Atmel/Studio/7.0/Packs/atmel/ATmega_DFP/1.7.374/gcc/dev/atmega32/avr5/crtatmega32.o
 *(.init9)
 *(.text)
 .text          0x0000008e        0x4 C:/Program Files (x86)/Atmel/Studio/7.0/Packs/atmel/ATmega_DFP/1.7.374/gcc/dev/atmega32/avr5/crtatmega32.o
                0x0000008e                __vector_1
                0x0000008e                __vector_12
                0x0000008e                __bad_interrupt
                0x0000008e                __vector_6
                0x0000008e                __vector_3
                0x0000008e                __vector_13
                0x0000008e                __vector_17
                0x0000008e                __vector_19
                0x0000008e                __vector_7
                0x0000008e                __vector_5
                0x0000008e                __vector_4
                0x0000008e                __vector_9
                0x0000008e                __vector_2
                0x0000008e                __vector_15
                0x0000008e                __vector_8
                0x0000008e                __vector_14
                0x0000008e                __vector_16
                0x0000008e                __vector_18
                0x0000008e                __vector_20
                0x00000092                . = ALIGN (0x2)
 *(.text.*)
 .text.GPIO_setupPinDirection
                0x00000092       0xe6 gpio.o
                0x00000092                GPIO_setupPinDirection
 .text.GPIO_writePin
                0x00000178       0xe6 gpio.o
                0x00000178                GPIO_writePin
 .text.GPIO_setupPortDirection
                0x0000025e       0x24 gpio.o
                0x0000025e                GPIO_setupPortDirection
 .text.GPIO_writePort
                0x00000282       0x24 gpio.o
                0x00000282                GPIO_writePort
 .text.LCD_sendCommand
                0x000002a6       0x68 lcd.o
                0x000002a6                LCD_sendCommand
 .text.LCD_init
                0x0000030e       0x3a lcd.o
                0x0000030e                LCD_init
 .text.LCD_displayCharacter
                0x00000348       0x68 lcd.o
                0x00000348                LCD_displayCharacter
 .text.LCD_displayString
                0x000003b0       0x26 lcd.o
                0x000003b0                LCD_displayString
 .text.LCD_moveCursor
                0x000003d6       0x2e lcd.o
                0x000003d6                LCD_moveCursor
 .text.LCD_intgerToString
                0x00000404       0x3c lcd.o
                0x00000404                LCD_intgerToString
 .text.LCD_clearScreen
                0x00000440        0x8 lcd.o
                0x00000440                LCD_clearScreen
 .text.main     0x00000448       0x12 main.o
                0x00000448                main
 .text.PIDController_Init
                0x0000045a       0x2c pid.o
                0x0000045a                PIDController_Init
 .text.get_tc72_data
                0x00000486       0x1a Poller.o
                0x00000486                get_tc72_data
 .text.handle_pid_client
                0x000004a0      0x178 Poller.o
                0x000004a0                handle_pid_client
 .text.Poll     0x00000618       0x80 Poller.o
                0x00000618                Poll
 .text.StartPolling
                0x00000698       0x1e Poller.o
                0x00000698                StartPolling
 .text.SetPollingTime
                0x000006b6       0x20 Poller.o
                0x000006b6                SetPollingTime
 .text.CallPollingFunction
                0x000006d6        0x6 PollerTimer.o
                0x000006d6                CallPollingFunction
 .text.__vector_11
                0x000006dc       0x54 PollerTimer.o
                0x000006dc                __vector_11
 .text.__vector_10
                0x00000730       0x54 PollerTimer.o
                0x00000730                __vector_10
 .text.Timer0_PWM_Init
                0x00000784       0x14 PWM.o
                0x00000784                Timer0_PWM_Init
 .text.SPI_initMaster
                0x00000798       0x34 spi.o
                0x00000798                SPI_initMaster
 .text.SPI_sendReceiveByte
                0x000007cc        0xa spi.o
                0x000007cc                SPI_sendReceiveByte
 .text.TC72_Init
                0x000007d6        0xc TC72_Tempr.o
                0x000007d6                TC72_Init
 .text.GetData  0x000007e2       0x70 TC72_Tempr.o
                0x000007e2                GetData
 .text.Continous_reading
                0x00000852       0x62 TC72_Tempr.o
                0x00000852                Continous_reading
 .text.avr-libc.fplib
                0x000008b4        0xe c:/program files (x86)/atmel/studio/7.0/toolchain/avr8/avr8-gnu-toolchain/bin/../lib/gcc/avr/5.4.0/../../../../avr/lib/avr5\libm.a(addsf3.o)
                0x000008b4                __subsf3
                0x000008b6                __addsf3
 .text.avr-libc.fplib
                0x000008c2       0xcc c:/program files (x86)/atmel/studio/7.0/toolchain/avr8/avr8-gnu-toolchain/bin/../lib/gcc/avr/5.4.0/../../../../avr/lib/avr5\libm.a(addsf3x.o)
                0x000008e4                __addsf3x
 .text.avr-libc.fplib
                0x0000098e        0x8 c:/program files (x86)/atmel/studio/7.0/toolchain/avr8/avr8-gnu-toolchain/bin/../lib/gcc/avr/5.4.0/../../../../avr/lib/avr5\libm.a(divsf3.o)
                0x0000098e                __divsf3
 .text.avr-libc.fplib
                0x00000996       0xdc c:/program files (x86)/atmel/studio/7.0/toolchain/avr8/avr8-gnu-toolchain/bin/../lib/gcc/avr/5.4.0/../../../../avr/lib/avr5\libm.a(divsf3x.o)
                0x000009b6                __divsf3x
                0x000009bc                __divsf3_pse
 .text.avr-libc.fplib
                0x00000a72        0xe c:/program files (x86)/atmel/studio/7.0/toolchain/avr8/avr8-gnu-toolchain/bin/../lib/gcc/avr/5.4.0/../../../../avr/lib/avr5\libm.a(fixsfsi.o)
                0x00000a72                __fixsfsi
 .text.avr-libc.fplib
                0x00000a80       0x5e c:/program files (x86)/atmel/studio/7.0/toolchain/avr8/avr8-gnu-toolchain/bin/../lib/gcc/avr/5.4.0/../../../../avr/lib/avr5\libm.a(fixunssfsi.o)
                0x00000a80                __fixunssfsi
 .text.avr-libc.fplib
                0x00000ade       0x7a c:/program files (x86)/atmel/studio/7.0/toolchain/avr8/avr8-gnu-toolchain/bin/../lib/gcc/avr/5.4.0/../../../../avr/lib/avr5\libm.a(floatsisf.o)
                0x00000ade                __floatunsisf
                0x00000ae2                __floatsisf
 .text.avr-libc.fplib
                0x00000b58        0xc c:/program files (x86)/atmel/studio/7.0/toolchain/avr8/avr8-gnu-toolchain/bin/../lib/gcc/avr/5.4.0/../../../../avr/lib/avr5\libm.a(fp_inf.o)
                0x00000b58                __fp_inf
 .text.avr-libc.fplib
                0x00000b64        0x6 c:/program files (x86)/atmel/studio/7.0/toolchain/avr8/avr8-gnu-toolchain/bin/../lib/gcc/avr/5.4.0/../../../../avr/lib/avr5\libm.a(fp_nan.o)
                0x00000b64                __fp_nan
 .text.avr-libc.fplib
                0x00000b6a        0xe c:/program files (x86)/atmel/studio/7.0/toolchain/avr8/avr8-gnu-toolchain/bin/../lib/gcc/avr/5.4.0/../../../../avr/lib/avr5\libm.a(fp_pscA.o)
                0x00000b6a                __fp_pscA
 .text.avr-libc.fplib
                0x00000b78        0xe c:/program files (x86)/atmel/studio/7.0/toolchain/avr8/avr8-gnu-toolchain/bin/../lib/gcc/avr/5.4.0/../../../../avr/lib/avr5\libm.a(fp_pscB.o)
                0x00000b78                __fp_pscB
 .text.avr-libc.fplib
                0x00000b86       0x22 c:/program files (x86)/atmel/studio/7.0/toolchain/avr8/avr8-gnu-toolchain/bin/../lib/gcc/avr/5.4.0/../../../../avr/lib/avr5\libm.a(fp_round.o)
                0x00000b86                __fp_round
 .text.avr-libc.fplib
                0x00000ba8       0x44 c:/program files (x86)/atmel/studio/7.0/toolchain/avr8/avr8-gnu-toolchain/bin/../lib/gcc/avr/5.4.0/../../../../avr/lib/avr5\libm.a(fp_split3.o)
                0x00000ba8                __fp_split3
                0x00000bb8                __fp_splitA
 .text.avr-libc.fplib
                0x00000bec        0xe c:/program files (x86)/atmel/studio/7.0/toolchain/avr8/avr8-gnu-toolchain/bin/../lib/gcc/avr/5.4.0/../../../../avr/lib/avr5\libm.a(fp_zero.o)
                0x00000bec                __fp_zero
                0x00000bee                __fp_szero
 .text.avr-libc.fplib
                0x00000bfa        0x8 c:/program files (x86)/atmel/studio/7.0/toolchain/avr8/avr8-gnu-toolchain/bin/../lib/gcc/avr/5.4.0/../../../../avr/lib/avr5\libm.a(mulsf3.o)
                0x00000bfa                __mulsf3
 .text.avr-libc.fplib
                0x00000c02       0xd2 c:/program files (x86)/atmel/studio/7.0/toolchain/avr8/avr8-gnu-toolchain/bin/../lib/gcc/avr/5.4.0/../../../../avr/lib/avr5\libm.a(mulsf3x.o)
                0x00000c20                __mulsf3x
                0x00000c26                __mulsf3_pse
 .text.libgcc.mul
                0x00000cd4       0x10 c:/program files (x86)/atmel/studio/7.0/toolchain/avr8/avr8-gnu-toolchain/bin/../lib/gcc/avr/5.4.0/avr5\libgcc.a(_mulshisi3.o)
                0x00000cd4                __mulshisi3
                0x00000cda                __mulohisi3
 .text.libgcc.mul
                0x00000ce4       0x16 c:/program files (x86)/atmel/studio/7.0/toolchain/avr8/avr8-gnu-toolchain/bin/../lib/gcc/avr/5.4.0/avr5\libgcc.a(_muluhisi3.o)
                0x00000ce4                __muluhisi3
 .text.libgcc.mul
                0x00000cfa       0x1e c:/program files (x86)/atmel/studio/7.0/toolchain/avr8/avr8-gnu-toolchain/bin/../lib/gcc/avr/5.4.0/avr5\libgcc.a(_umulhisi3.o)
                0x00000cfa                __umulhisi3
 .text.avr-libc
                0x00000d18       0x16 c:/program files (x86)/atmel/studio/7.0/toolchain/avr8/avr8-gnu-toolchain/bin/../lib/gcc/avr/5.4.0/../../../../avr/lib/avr5\libc.a(itoa.o)
                0x00000d18                __itoa
                0x00000d18                itoa
 .text.avr-libc
                0x00000d2e       0x16 c:/program files (x86)/atmel/studio/7.0/toolchain/avr8/avr8-gnu-toolchain/bin/../lib/gcc/avr/5.4.0/../../../../avr/lib/avr5\libc.a(itoa_ncheck.o)
                0x00000d2e                __itoa_ncheck
 .text.avr-libc
                0x00000d44       0x34 c:/program files (x86)/atmel/studio/7.0/toolchain/avr8/avr8-gnu-toolchain/bin/../lib/gcc/avr/5.4.0/../../../../avr/lib/avr5\libc.a(utoa_ncheck.o)
                0x00000d44                __utoa_ncheck
                0x00000d46                __utoa_common
 .text.avr-libc
                0x00000d78       0x20 c:/program files (x86)/atmel/studio/7.0/toolchain/avr8/avr8-gnu-toolchain/bin/../lib/gcc/avr/5.4.0/../../../../avr/lib/avr5\libc.a(strrev.o)
                0x00000d78                strrev
                0x00000d98                . = ALIGN (0x2)
 *(.fini9)
 .fini9         0x00000d98        0x0 c:/program files (x86)/atmel/studio/7.0/toolchain/avr8/avr8-gnu-toolchain/bin/../lib/gcc/avr/5.4.0/avr5\libgcc.a(_exit.o)
                0x00000d98                _exit
                0x00000d98                exit
 *(.fini9)
 *(.fini8)
 *(.fini8)
 *(.fini7)
 *(.fini7)
 *(.fini6)
 *(.fini6)
 *(.fini5)
 *(.fini5)
 *(.fini4)
 *(.fini4)
 *(.fini3)
 *(.fini3)
 *(.fini2)
 *(.fini2)
 *(.fini1)
 *(.fini1)
 *(.fini0)
 .fini0         0x00000d98        0x4 c:/program files (x86)/atmel/studio/7.0/toolchain/avr8/avr8-gnu-toolchain/bin/../lib/gcc/avr/5.4.0/avr5\libgcc.a(_exit.o)
 *(.fini0)
                0x00000d9c                _etext = .

.data           0x00800060       0x5a load address 0x00000d9c
                0x00800060                PROVIDE (__data_start, .)
 *(.data)
 *(.data*)
 .data.polling_counter
                0x00800060        0x4 Poller.o
                0x00800060                polling_counter
 .data.polling_enabled
                0x00800064        0x2 Poller.o
                0x00800064                polling_enabled
 *(.gnu.linkonce.d*)
 *(.rodata)
 *(.rodata*)
 .rodata.pid    0x00800066       0x38 pid_cfg.o
                0x00800066                pid
 .rodata.str1.1
                0x0080009e       0x1b Poller.o
 *(.gnu.linkonce.r*)
                0x008000ba                . = ALIGN (0x2)
 *fill*         0x008000b9        0x1 
                0x008000ba                _edata = .
                0x008000ba                PROVIDE (__data_end, .)

.bss            0x008000ba        0xe
                0x008000ba                PROVIDE (__bss_start, .)
 *(.bss)
 *(.bss*)
 .bss.pidOutput
                0x008000ba        0x4 Poller.o
                0x008000ba                pidOutput
 .bss.accTemp   0x008000be        0x4 Poller.o
                0x008000be                accTemp
 .bss.counter   0x008000c2        0x4 Poller.o
                0x008000c2                counter
 .bss.g_callBackPtr
                0x008000c6        0x2 PollerTimer.o
 *(COMMON)
                0x008000c8                PROVIDE (__bss_end, .)
                0x00000d9c                __data_load_start = LOADADDR (.data)
                0x00000df6                __data_load_end = (__data_load_start + SIZEOF (.data))

.noinit         0x008000c8        0x0
                [!provide]                PROVIDE (__noinit_start, .)
 *(.noinit*)
                [!provide]                PROVIDE (__noinit_end, .)
                0x008000c8                _end = .
                [!provide]                PROVIDE (__heap_start, .)

.eeprom         0x00810000        0x0
 *(.eeprom*)
                0x00810000                __eeprom_end = .

.fuse
 *(.fuse)
 *(.lfuse)
 *(.hfuse)
 *(.efuse)

.lock
 *(.lock*)

.signature
 *(.signature*)

.user_signatures
 *(.user_signatures*)

.stab
 *(.stab)

.stabstr
 *(.stabstr)

.stab.excl
 *(.stab.excl)

.stab.exclstr
 *(.stab.exclstr)

.stab.index
 *(.stab.index)

.stab.indexstr
 *(.stab.indexstr)

.comment        0x00000000       0x30
 *(.comment)
 .comment       0x00000000       0x30 gpio.o
                                 0x31 (size before relaxing)
 .comment       0x00000030       0x31 lcd.o
 .comment       0x00000030       0x31 main.o
 .comment       0x00000030       0x31 pid.o
 .comment       0x00000030       0x31 pid_cfg.o
 .comment       0x00000030       0x31 Poller.o
 .comment       0x00000030       0x31 PollerTimer.o
 .comment       0x00000030       0x31 PWM.o
 .comment       0x00000030       0x31 spi.o
 .comment       0x00000030       0x31 TC72_Tempr.o

.note.gnu.avr.deviceinfo
                0x00000000       0x3c
 .note.gnu.avr.deviceinfo
                0x00000000       0x3c C:/Program Files (x86)/Atmel/Studio/7.0/Packs/atmel/ATmega_DFP/1.7.374/gcc/dev/atmega32/avr5/crtatmega32.o

.note.gnu.build-id
 *(.note.gnu.build-id)

.debug
 *(.debug)

.line
 *(.line)

.debug_srcinfo
 *(.debug_srcinfo)

.debug_sfnames
 *(.debug_sfnames)

.debug_aranges  0x00000000      0x220
 *(.debug_aranges)
 .debug_aranges
                0x00000000       0x48 gpio.o
 .debug_aranges
                0x00000048       0x58 lcd.o
 .debug_aranges
                0x000000a0       0x20 main.o
 .debug_aranges
                0x000000c0       0x28 pid.o
 .debug_aranges
                0x000000e8       0x18 pid_cfg.o
 .debug_aranges
                0x00000100       0x48 Poller.o
 .debug_aranges
                0x00000148       0x40 PollerTimer.o
 .debug_aranges
                0x00000188       0x20 PWM.o
 .debug_aranges
                0x000001a8       0x40 spi.o
 .debug_aranges
                0x000001e8       0x38 TC72_Tempr.o

.debug_pubnames
 *(.debug_pubnames)

.debug_info     0x00000000     0x1f95
 *(.debug_info .gnu.linkonce.wi.*)
 .debug_info    0x00000000      0x4e6 C:/Program Files (x86)/Atmel/Studio/7.0/Packs/atmel/ATmega_DFP/1.7.374/gcc/dev/atmega32/avr5/crtatmega32.o
 .debug_info    0x000004e6      0x257 gpio.o
 .debug_info    0x0000073d      0x71b lcd.o
 .debug_info    0x00000e58      0x125 main.o
 .debug_info    0x00000f7d      0x19d pid.o
 .debug_info    0x0000111a      0x10f pid_cfg.o
 .debug_info    0x00001229      0x4ec Poller.o
 .debug_info    0x00001715      0x22f PollerTimer.o
 .debug_info    0x00001944       0xf2 PWM.o
 .debug_info    0x00001a36      0x2b9 spi.o
 .debug_info    0x00001cef      0x2a6 TC72_Tempr.o

.debug_abbrev   0x00000000      0xf88
 *(.debug_abbrev)
 .debug_abbrev  0x00000000      0x4a3 C:/Program Files (x86)/Atmel/Studio/7.0/Packs/atmel/ATmega_DFP/1.7.374/gcc/dev/atmega32/avr5/crtatmega32.o
 .debug_abbrev  0x000004a3      0x115 gpio.o
 .debug_abbrev  0x000005b8      0x1b3 lcd.o
 .debug_abbrev  0x0000076b       0xad main.o
 .debug_abbrev  0x00000818       0xd2 pid.o
 .debug_abbrev  0x000008ea       0x6b pid_cfg.o
 .debug_abbrev  0x00000955      0x1eb Poller.o
 .debug_abbrev  0x00000b40      0x125 PollerTimer.o
 .debug_abbrev  0x00000c65       0xa3 PWM.o
 .debug_abbrev  0x00000d08      0x12e spi.o
 .debug_abbrev  0x00000e36      0x152 TC72_Tempr.o

.debug_line     0x00000000     0x10aa
 *(.debug_line .debug_line.* .debug_line_end)
 .debug_line    0x00000000      0x116 C:/Program Files (x86)/Atmel/Studio/7.0/Packs/atmel/ATmega_DFP/1.7.374/gcc/dev/atmega32/avr5/crtatmega32.o
 .debug_line    0x00000116      0x2e9 gpio.o
 .debug_line    0x000003ff      0x2e5 lcd.o
 .debug_line    0x000006e4       0x5b main.o
 .debug_line    0x0000073f       0xeb pid.o
 .debug_line    0x0000082a       0x35 pid_cfg.o
 .debug_line    0x0000085f      0x272 Poller.o
 .debug_line    0x00000ad1      0x18d PollerTimer.o
 .debug_line    0x00000c5e       0xbc PWM.o
 .debug_line    0x00000d1a      0x1ae spi.o
 .debug_line    0x00000ec8      0x1e2 TC72_Tempr.o

.debug_frame    0x00000000      0x4cc
 *(.debug_frame)
 .debug_frame   0x00000000       0x74 gpio.o
 .debug_frame   0x00000074       0xd0 lcd.o
 .debug_frame   0x00000144       0x24 main.o
 .debug_frame   0x00000168       0x8c pid.o
 .debug_frame   0x000001f4       0xa8 Poller.o
 .debug_frame   0x0000029c       0xf4 PollerTimer.o
 .debug_frame   0x00000390       0x24 PWM.o
 .debug_frame   0x000003b4       0x90 spi.o
 .debug_frame   0x00000444       0x88 TC72_Tempr.o

.debug_str      0x00000000      0x8f5
 *(.debug_str)
 .debug_str     0x00000000      0x196 C:/Program Files (x86)/Atmel/Studio/7.0/Packs/atmel/ATmega_DFP/1.7.374/gcc/dev/atmega32/avr5/crtatmega32.o
 .debug_str     0x00000196      0x248 gpio.o
                                0x282 (size before relaxing)
 .debug_str     0x000003de      0x10a lcd.o
                                0x30f (size before relaxing)
 .debug_str     0x000004e8       0x6e main.o
                                0x1b8 (size before relaxing)
 .debug_str     0x00000556       0xbf pid.o
                                0x1b1 (size before relaxing)
 .debug_str     0x00000615        0xf pid_cfg.o
                                0x165 (size before relaxing)
 .debug_str     0x00000624       0xc3 Poller.o
                                0x38a (size before relaxing)
 .debug_str     0x000006e7      0x149 PollerTimer.o
                                0x297 (size before relaxing)
 .debug_str     0x00000830       0x1a PWM.o
                                0x1db (size before relaxing)
 .debug_str     0x0000084a       0x6b spi.o
                                0x227 (size before relaxing)
 .debug_str     0x000008b5       0x40 TC72_Tempr.o
                                0x251 (size before relaxing)

.debug_loc      0x00000000     0x1102
 *(.debug_loc)
 .debug_loc     0x00000000      0x38f gpio.o
 .debug_loc     0x0000038f      0x4e7 lcd.o
 .debug_loc     0x00000876      0x1cd pid.o
 .debug_loc     0x00000a43      0x173 Poller.o
 .debug_loc     0x00000bb6      0x1be PollerTimer.o
 .debug_loc     0x00000d74       0x2d PWM.o
 .debug_loc     0x00000da1      0x16f spi.o
 .debug_loc     0x00000f10      0x1f2 TC72_Tempr.o

.debug_macinfo
 *(.debug_macinfo)

.debug_weaknames
 *(.debug_weaknames)

.debug_funcnames
 *(.debug_funcnames)

.debug_typenames
 *(.debug_typenames)

.debug_varnames
 *(.debug_varnames)

.debug_pubtypes
 *(.debug_pubtypes)

.debug_ranges   0x00000000      0x178
 *(.debug_ranges)
 .debug_ranges  0x00000000       0x38 gpio.o
 .debug_ranges  0x00000038       0x48 lcd.o
 .debug_ranges  0x00000080       0x10 main.o
 .debug_ranges  0x00000090       0x18 pid.o
 .debug_ranges  0x000000a8       0x38 Poller.o
 .debug_ranges  0x000000e0       0x30 PollerTimer.o
 .debug_ranges  0x00000110       0x10 PWM.o
 .debug_ranges  0x00000120       0x30 spi.o
 .debug_ranges  0x00000150       0x28 TC72_Tempr.o

.debug_macro
 *(.debug_macro)
OUTPUT(pollingTask.elf elf32-avr)
LOAD linker stubs
